Final histogram :
Bin[0] (1 - 781) = 6319
Bin[1] (782 - 1562) = 6326
Bin[2] (1563 - 2343) = 6179
Bin[3] (2344 - 3124) = 6339
Bin[4] (3125 - 3905) = 6312
Bin[5] (3906 - 4686) = 6242
Bin[6] (4687 - 5467) = 6142
Bin[7] (5468 - 6248) = 6235
Bin[8] (6249 - 7029) = 6372
Bin[9] (7030 - 7810) = 6363
Bin[10] (7811 - 8591) = 6229
Bin[11] (8592 - 9372) = 6366
Bin[12] (9373 - 10153) = 6109
Bin[13] (10154 - 10934) = 6128
Bin[14] (10935 - 11715) = 6249
Bin[15] (11716 - 12496) = 6236
Bin[16] (12497 - 13277) = 6243
Bin[17] (13278 - 14058) = 6272
Bin[18] (14059 - 14839) = 6342
Bin[19] (14840 - 15620) = 6231
Bin[20] (15621 - 16401) = 6266
Bin[21] (16402 - 17182) = 6160
Bin[22] (17183 - 17963) = 6150
Bin[23] (17964 - 18744) = 6240
Bin[24] (18745 - 19525) = 6185
Bin[25] (19526 - 20306) = 6208
Bin[26] (20307 - 21087) = 6135
Bin[27] (21088 - 21868) = 6271
Bin[28] (21869 - 22649) = 6231
Bin[29] (22650 - 23430) = 6217
Bin[30] (23431 - 24211) = 6250
Bin[31] (24212 - 24992) = 6259
Bin[32] (24993 - 25773) = 6350
Bin[33] (25774 - 26554) = 6262
Bin[34] (26555 - 27335) = 6167
Bin[35] (27336 - 28116) = 6142
Bin[36] (28117 - 28897) = 6260
Bin[37] (28898 - 29678) = 6269
Bin[38] (29679 - 30459) = 6087
Bin[39] (30460 - 31240) = 6365
Bin[40] (31241 - 32021) = 6270
Bin[41] (32022 - 32802) = 6178
Bin[42] (32803 - 33583) = 6225
Bin[43] (33584 - 34364) = 6226
Bin[44] (34365 - 35145) = 6249
Bin[45] (35146 - 35926) = 6334
Bin[46] (35927 - 36707) = 6229
Bin[47] (36708 - 37488) = 6192
Bin[48] (37489 - 38269) = 6111
Bin[49] (38270 - 39050) = 6285
Bin[50] (39051 - 39831) = 6279
Bin[51] (39832 - 40612) = 6239
Bin[52] (40613 - 41393) = 6095
Bin[53] (41394 - 42174) = 6225
Bin[54] (42175 - 42955) = 6142
Bin[55] (42956 - 43736) = 6337
Bin[56] (43737 - 44517) = 6085
Bin[57] (44518 - 45298) = 6253
Bin[58] (45299 - 46079) = 6176
Bin[59] (46080 - 46860) = 6275
Bin[60] (46861 - 47641) = 6392
Bin[61] (47642 - 48422) = 6258
Bin[62] (48423 - 49203) = 6271
Bin[63] (49204 - 49984) = 6258
Bin[64] (49985 - 50765) = 6188
Bin[65] (50766 - 51546) = 6400
Bin[66] (51547 - 52327) = 6315
Bin[67] (52328 - 53108) = 6182
Bin[68] (53109 - 53889) = 6321
Bin[69] (53890 - 54670) = 6292
Bin[70] (54671 - 55451) = 6245
Bin[71] (55452 - 56232) = 6318
Bin[72] (56233 - 57013) = 6207
Bin[73] (57014 - 57794) = 6276
Bin[74] (57795 - 58575) = 6318
Bin[75] (58576 - 59356) = 6279
Bin[76] (59357 - 60137) = 6190
Bin[77] (60138 - 60918) = 6432
Bin[78] (60919 - 61699) = 6322
Bin[79] (61700 - 62480) = 6120
Bin[80] (62481 - 63261) = 6232
Bin[81] (63262 - 64042) = 6245
Bin[82] (64043 - 64823) = 6241
Bin[83] (64824 - 65604) = 6285
Bin[84] (65605 - 66385) = 6246
Bin[85] (66386 - 67166) = 6330
Bin[86] (67167 - 67947) = 6196
Bin[87] (67948 - 68728) = 6371
Bin[88] (68729 - 69509) = 6129
Bin[89] (69510 - 70290) = 6268
Bin[90] (70291 - 71071) = 6210
Bin[91] (71072 - 71852) = 6246
Bin[92] (71853 - 72633) = 6288
Bin[93] (72634 - 73414) = 6236
Bin[94] (73415 - 74195) = 6202
Bin[95] (74196 - 74976) = 6357
Bin[96] (74977 - 75757) = 6304
Bin[97] (75758 - 76538) = 6229
Bin[98] (76539 - 77319) = 6325
Bin[99] (77320 - 78100) = 6290
Bin[100] (78101 - 78881) = 6269
Bin[101] (78882 - 79662) = 6246
Bin[102] (79663 - 80443) = 6333
Bin[103] (80444 - 81224) = 6221
Bin[104] (81225 - 82005) = 6195
Bin[105] (82006 - 82786) = 6330
Bin[106] (82787 - 83567) = 6211
Bin[107] (83568 - 84348) = 6248
Bin[108] (84349 - 85129) = 6312
Bin[109] (85130 - 85910) = 6273
Bin[110] (85911 - 86691) = 6275
Bin[111] (86692 - 87472) = 6217
Bin[112] (87473 - 88253) = 6312
Bin[113] (88254 - 89034) = 6097
Bin[114] (89035 - 89815) = 6239
Bin[115] (89816 - 90596) = 6175
Bin[116] (90597 - 91377) = 6290
Bin[117] (91378 - 92158) = 6207
Bin[118] (92159 - 92939) = 5979
Bin[119] (92940 - 93720) = 6350
Bin[120] (93721 - 94501) = 6120
Bin[121] (94502 - 95282) = 6228
Bin[122] (95283 - 96063) = 6169
Bin[123] (96064 - 96844) = 6282
Bin[124] (96845 - 97625) = 6222
Bin[125] (97626 - 98406) = 6399
Bin[126] (98407 - 99187) = 6311
Bin[127] (99188 - 100000) = 6563
Final Node Rank 0 - Testing whether any data loss occured Local Count = 800000

Total Time Consumed : 0.508792
Bins Count : 128
Number of Distributed Systems Involved : 64
