Final histogram :
Bin[0] (1 - 781) = 6095
Bin[1] (782 - 1562) = 6171
Bin[2] (1563 - 2343) = 6198
Bin[3] (2344 - 3124) = 6049
Bin[4] (3125 - 3905) = 6231
Bin[5] (3906 - 4686) = 6279
Bin[6] (4687 - 5467) = 6217
Bin[7] (5468 - 6248) = 6312
Bin[8] (6249 - 7029) = 6294
Bin[9] (7030 - 7810) = 6230
Bin[10] (7811 - 8591) = 6254
Bin[11] (8592 - 9372) = 6182
Bin[12] (9373 - 10153) = 6290
Bin[13] (10154 - 10934) = 6228
Bin[14] (10935 - 11715) = 6244
Bin[15] (11716 - 12496) = 6167
Bin[16] (12497 - 13277) = 6362
Bin[17] (13278 - 14058) = 6363
Bin[18] (14059 - 14839) = 6199
Bin[19] (14840 - 15620) = 6244
Bin[20] (15621 - 16401) = 6186
Bin[21] (16402 - 17182) = 6299
Bin[22] (17183 - 17963) = 6112
Bin[23] (17964 - 18744) = 6208
Bin[24] (18745 - 19525) = 6291
Bin[25] (19526 - 20306) = 6306
Bin[26] (20307 - 21087) = 6245
Bin[27] (21088 - 21868) = 6227
Bin[28] (21869 - 22649) = 6196
Bin[29] (22650 - 23430) = 6182
Bin[30] (23431 - 24211) = 6361
Bin[31] (24212 - 24992) = 6269
Bin[32] (24993 - 25773) = 6265
Bin[33] (25774 - 26554) = 6403
Bin[34] (26555 - 27335) = 6305
Bin[35] (27336 - 28116) = 6268
Bin[36] (28117 - 28897) = 6277
Bin[37] (28898 - 29678) = 6257
Bin[38] (29679 - 30459) = 6365
Bin[39] (30460 - 31240) = 6300
Bin[40] (31241 - 32021) = 6262
Bin[41] (32022 - 32802) = 6205
Bin[42] (32803 - 33583) = 6250
Bin[43] (33584 - 34364) = 6199
Bin[44] (34365 - 35145) = 6152
Bin[45] (35146 - 35926) = 6256
Bin[46] (35927 - 36707) = 6324
Bin[47] (36708 - 37488) = 6318
Bin[48] (37489 - 38269) = 6150
Bin[49] (38270 - 39050) = 6323
Bin[50] (39051 - 39831) = 6206
Bin[51] (39832 - 40612) = 6314
Bin[52] (40613 - 41393) = 6396
Bin[53] (41394 - 42174) = 6206
Bin[54] (42175 - 42955) = 6236
Bin[55] (42956 - 43736) = 6186
Bin[56] (43737 - 44517) = 6197
Bin[57] (44518 - 45298) = 6215
Bin[58] (45299 - 46079) = 6316
Bin[59] (46080 - 46860) = 6301
Bin[60] (46861 - 47641) = 6425
Bin[61] (47642 - 48422) = 6215
Bin[62] (48423 - 49203) = 6356
Bin[63] (49204 - 49984) = 6301
Bin[64] (49985 - 50765) = 6262
Bin[65] (50766 - 51546) = 6372
Bin[66] (51547 - 52327) = 6095
Bin[67] (52328 - 53108) = 6273
Bin[68] (53109 - 53889) = 6214
Bin[69] (53890 - 54670) = 6270
Bin[70] (54671 - 55451) = 6140
Bin[71] (55452 - 56232) = 6219
Bin[72] (56233 - 57013) = 6258
Bin[73] (57014 - 57794) = 6229
Bin[74] (57795 - 58575) = 6174
Bin[75] (58576 - 59356) = 6225
Bin[76] (59357 - 60137) = 6197
Bin[77] (60138 - 60918) = 6156
Bin[78] (60919 - 61699) = 6173
Bin[79] (61700 - 62480) = 6190
Bin[80] (62481 - 63261) = 6279
Bin[81] (63262 - 64042) = 6416
Bin[82] (64043 - 64823) = 6154
Bin[83] (64824 - 65604) = 6267
Bin[84] (65605 - 66385) = 6263
Bin[85] (66386 - 67166) = 6295
Bin[86] (67167 - 67947) = 6215
Bin[87] (67948 - 68728) = 6263
Bin[88] (68729 - 69509) = 6298
Bin[89] (69510 - 70290) = 6178
Bin[90] (70291 - 71071) = 6323
Bin[91] (71072 - 71852) = 6238
Bin[92] (71853 - 72633) = 6161
Bin[93] (72634 - 73414) = 6180
Bin[94] (73415 - 74195) = 6160
Bin[95] (74196 - 74976) = 6240
Bin[96] (74977 - 75757) = 6364
Bin[97] (75758 - 76538) = 6190
Bin[98] (76539 - 77319) = 6236
Bin[99] (77320 - 78100) = 6257
Bin[100] (78101 - 78881) = 6266
Bin[101] (78882 - 79662) = 6212
Bin[102] (79663 - 80443) = 6422
Bin[103] (80444 - 81224) = 6132
Bin[104] (81225 - 82005) = 6317
Bin[105] (82006 - 82786) = 6176
Bin[106] (82787 - 83567) = 6214
Bin[107] (83568 - 84348) = 6198
Bin[108] (84349 - 85129) = 6233
Bin[109] (85130 - 85910) = 6218
Bin[110] (85911 - 86691) = 6252
Bin[111] (86692 - 87472) = 6181
Bin[112] (87473 - 88253) = 6360
Bin[113] (88254 - 89034) = 6223
Bin[114] (89035 - 89815) = 6320
Bin[115] (89816 - 90596) = 6261
Bin[116] (90597 - 91377) = 6244
Bin[117] (91378 - 92158) = 6353
Bin[118] (92159 - 92939) = 6282
Bin[119] (92940 - 93720) = 6271
Bin[120] (93721 - 94501) = 6178
Bin[121] (94502 - 95282) = 6168
Bin[122] (95283 - 96063) = 6330
Bin[123] (96064 - 96844) = 6386
Bin[124] (96845 - 97625) = 6166
Bin[125] (97626 - 98406) = 6154
Bin[126] (98407 - 99187) = 6289
Bin[127] (99188 - 100000) = 6530
Final Node Rank 0 - Testing whether any data loss occured Local Count = 800000

Total Time Consumed : 0.151507
Bins Count : 128
Number of Distributed Systems Involved : 8
