Final histogram :
Bin[0] (1 - 3125) = 25001
Bin[1] (3126 - 6250) = 25013
Bin[2] (6251 - 9375) = 25061
Bin[3] (9376 - 12500) = 25055
Bin[4] (12501 - 15625) = 25046
Bin[5] (15626 - 18750) = 25021
Bin[6] (18751 - 21875) = 25006
Bin[7] (21876 - 25000) = 24845
Bin[8] (25001 - 28125) = 24807
Bin[9] (28126 - 31250) = 25197
Bin[10] (31251 - 34375) = 24615
Bin[11] (34376 - 37500) = 25149
Bin[12] (37501 - 40625) = 24977
Bin[13] (40626 - 43750) = 25073
Bin[14] (43751 - 46875) = 25252
Bin[15] (46876 - 50000) = 24985
Bin[16] (50001 - 53125) = 25015
Bin[17] (53126 - 56250) = 25021
Bin[18] (56251 - 59375) = 24808
Bin[19] (59376 - 62500) = 25060
Bin[20] (62501 - 65625) = 24941
Bin[21] (65626 - 68750) = 25080
Bin[22] (68751 - 71875) = 25119
Bin[23] (71876 - 75000) = 24938
Bin[24] (75001 - 78125) = 25177
Bin[25] (78126 - 81250) = 24950
Bin[26] (81251 - 84375) = 24665
Bin[27] (84376 - 87500) = 25194
Bin[28] (87501 - 90625) = 25069
Bin[29] (90626 - 93750) = 24993
Bin[30] (93751 - 96875) = 24870
Bin[31] (96876 - 100000) = 24997
Final Node Rank 0 - Testing whether any data loss occured Local Count = 800000

Total Time Consumed : 0.173933
Bins Count : 32
Number of Distributed Systems Involved : 32
