Final histogram :
Bin[0] (1 - 3125) = 25101
Bin[1] (3126 - 6250) = 25000
Bin[2] (6251 - 9375) = 25196
Bin[3] (9376 - 12500) = 25051
Bin[4] (12501 - 15625) = 25140
Bin[5] (15626 - 18750) = 24947
Bin[6] (18751 - 21875) = 25016
Bin[7] (21876 - 25000) = 24973
Bin[8] (25001 - 28125) = 24995
Bin[9] (28126 - 31250) = 24872
Bin[10] (31251 - 34375) = 25041
Bin[11] (34376 - 37500) = 25037
Bin[12] (37501 - 40625) = 25180
Bin[13] (40626 - 43750) = 25340
Bin[14] (43751 - 46875) = 24843
Bin[15] (46876 - 50000) = 24949
Bin[16] (50001 - 53125) = 25133
Bin[17] (53126 - 56250) = 25044
Bin[18] (56251 - 59375) = 24901
Bin[19] (59376 - 62500) = 25065
Bin[20] (62501 - 65625) = 24979
Bin[21] (65626 - 68750) = 24909
Bin[22] (68751 - 71875) = 24719
Bin[23] (71876 - 75000) = 25092
Bin[24] (75001 - 78125) = 24907
Bin[25] (78126 - 81250) = 25009
Bin[26] (81251 - 84375) = 24860
Bin[27] (84376 - 87500) = 24910
Bin[28] (87501 - 90625) = 25047
Bin[29] (90626 - 93750) = 25092
Bin[30] (93751 - 96875) = 24773
Bin[31] (96876 - 100000) = 24879
Final Node Rank 0 - Testing whether any data loss occured Local Count = 800000

Total Time Consumed : 0.488193
Bins Count : 32
Number of Distributed Systems Involved : 64
